[2026-09-28T19:47:26.321Z] TEST NOTIFICATION
🚀 Test Notification from Zayd Portfolio System!
All automated GitHub sync and notification channels are working properly.
----------------------------------------
[2026-09-28T19:58:59.443Z] TEST NOTIFICATION
🚀 Test Notification from Zayd Portfolio System!
All automated GitHub sync and notification channels are working properly.
----------------------------------------
[2026-09-28T20:06:07.350Z] TEST NOTIFICATION
🚀 Test Notification from Zayd Portfolio System!
All automated GitHub sync and notification channels are working properly.
----------------------------------------
[2026-09-28T20:08:06.583Z] TEST NOTIFICATION
🚀 Test Notification from Zayd Portfolio System!
All automated GitHub sync and notification channels are working properly.
----------------------------------------
[2026-09-28T20:15:02.876Z] TEST NOTIFICATION
🚀 Test Notification from Zayd Portfolio System!
All automated GitHub sync and notification channels are working properly.
----------------------------------------
[2026-10-01T16:51:53.689Z] TEST NOTIFICATION
🚀 Test Notification from Zayd Portfolio System!
All automated GitHub sync and notification channels are working properly.
----------------------------------------
[2026-10-01T17:11:44.923Z] [SUCCESS] MongoDB Connection Test: Connected 100% to atlas-blue-ferry cluster.
[2026-10-01T17:11:45.161Z] [WARNING] GitHub API Rate Limit: Approaching GitHub API limit. Falling back to local cache.
[2026-10-01T17:11:45.397Z] [ERROR] Build Validation Error: Failed to compile static assets.
